{"project":{},"files":{"fixtures/hello.txt":{"name":"fixtures/hello.txt","modules":{"fixture":1},"classes":{},"fors":{},"namespaces":{}}},"modules":{"fixture":{"name":"fixture","submodules":{},"classes":{},"fors":{},"namespaces":{},"tag":"module","file":"fixtures/hello.txt","line":1}},"classes":{},"classitems":[],"warnings":[]}